2026-09-01T15:07:06Z INF Thank you for trying Cloudflare Tunnel. Doing so, without a Cloudflare account, is a quick way to experiment and try it out. However, be aware that these account-less Tunnels have no uptime guarantee, are subject to the Cloudflare Online Services Terms of Use (https://www.cloudflare.com/website-terms/), and Cloudflare reserves the right to investigate your use of Tunnels for violations of such terms. If you intend to use Tunnels in production you should use a pre-created named tunnel by following: https://developers.cloudflare.com/cloudflare-one/connections/connect-apps
2026-09-01T15:07:06Z INF Requesting new quick Tunnel on trycloudflare.com...
2026-09-01T15:07:11Z INF +--------------------------------------------------------------------------------------------+
2026-09-01T15:07:11Z INF |  Your quick Tunnel has been created! Visit it at (it may take some time to be reachable):  |
2026-09-01T15:07:11Z INF |  https://williams-decade-found-websites.trycloudflare.com                                  |
2026-09-01T15:07:11Z INF +--------------------------------------------------------------------------------------------+
2026-09-01T15:07:11Z INF Cannot determine default configuration path. No file [config.yml config.yaml] in [~/.cloudflared ~/.cloudflare-warp ~/cloudflare-warp /etc/cloudflared /usr/local/etc/cloudflared]
2026-09-01T15:07:11Z INF Version 2026.8.3 (Checksum f29324fe934d1e100617484c78deef803c4dc2cd351d645bbde42e96b4fccc5e)
2026-09-01T15:07:11Z INF GOOS: linux, GOVersion: go1.26.4, GoArch: amd64
2026-09-01T15:07:11Z INF Settings: map[ha-connections:1 protocol:quic url:http://127.0.0.1:8080]
2026-09-01T15:07:11Z INF Autoupdate frequency is set autoupdateFreq=86400000
2026-09-01T15:07:11Z INF Generated Connector ID: 7c2a85d8-0e07-49b9-94a7-ca60eb531fa9
2026-09-01T15:07:11Z INF Initial protocol quic
2026-09-01T15:07:11Z INF ICMP proxy will use 10.0.0.1 as source for IPv4
2026-09-01T15:07:11Z INF ICMP proxy will use fd00::11 in zone cfeth0 as source for IPv6
2026-09-01T15:07:11Z WRN The user running cloudflared process has a GID (group ID) that is not within ping_group_range. You might need to add that user to a group within that range, or instead update the range to encompass a group the user is already in by modifying /proc/sys/net/ipv4/ping_group_range. Otherwise cloudflared will not be able to ping this network error="Group ID 0 is not between ping group 1 to 0"
2026-09-01T15:07:11Z WRN ICMP proxy feature is disabled error="cannot create ICMPv4 proxy: Group ID 0 is not between ping group 1 to 0 nor ICMPv6 proxy: socket: permission denied"
2026-09-01T15:07:11Z INF ICMP proxy will use 10.0.0.1 as source for IPv4
2026-09-01T15:07:11Z INF ICMP proxy will use fd00::11 in zone cfeth0 as source for IPv6
2026-09-01T15:07:11Z INF Starting metrics server on 127.0.0.1:20241/metrics
2026-09-01T15:07:11Z INF Tunnel connection curve preferences: [X25519MLKEM768 CurveID(65074) CurveP256] connIndex=0 event=0 ip=198.41.200.113
2026-09-01T15:07:12Z INF Registered tunnel connection connIndex=0 connection=dcc40135-1aac-467f-b38f-00bcadcde4b2 event=0 ip=198.41.200.113 location=ams18 protocol=quic
2026-09-01T15:07:21Z INF +----------------------------------------------------------------------------------------------------+
2026-09-01T15:07:21Z INF |                                      CONNECTIVITY PRE-CHECKS                                       |
2026-09-01T15:07:21Z INF +----------------------------------------------------------------------------------------------------+
2026-09-01T15:07:21Z INF |  COMPONENT         TARGET                     STATUS  DETAILS                                      |
2026-09-01T15:07:21Z INF |  DNS Resolution    region1.v2.argotunnel.com  PASS    DNS Resolved successfully                    |
2026-09-01T15:07:21Z INF |  DNS Resolution    region2.v2.argotunnel.com  PASS    DNS Resolved successfully                    |
2026-09-01T15:07:21Z INF |  UDP Connectivity  region1.v2.argotunnel.com  PASS    QUIC connection successful                   |
2026-09-01T15:07:21Z INF |  UDP Connectivity  region2.v2.argotunnel.com  FAIL    QUIC connection failed                       |
2026-09-01T15:07:21Z INF |  TCP Connectivity  region1.v2.argotunnel.com  PASS    HTTP/2 connection successful                 |
2026-09-01T15:07:21Z INF |  TCP Connectivity  region2.v2.argotunnel.com  FAIL    HTTP/2 connection is blocked or unreachable  |
2026-09-01T15:07:21Z INF |  Cloudflare API    api.cloudflare.com:443     PASS    API is reachable                             |
2026-09-01T15:07:21Z INF |  ERROR: Allow outbound QUIC traffic on port 7844 or use HTTP2.                                     |
2026-09-01T15:07:21Z INF |  ERROR: Allow outbound TCP on port 7844.                                                           |
2026-09-01T15:07:21Z INF |                                                                                                    |
2026-09-01T15:07:21Z INF |  SUMMARY: Environment has critical failures. cloudflared may not be able to establish a tunnel.    |
2026-09-01T15:07:21Z INF +----------------------------------------------------------------------------------------------------+
2026-09-01T15:07:21Z INF precheck component="DNS Resolution" details="DNS Resolved successfully" run_id=b37b3b6d-b9ab-4f63-bd40-89f2a0663a96 status=pass target=region1.v2.argotunnel.com
2026-09-01T15:07:21Z INF precheck component="DNS Resolution" details="DNS Resolved successfully" run_id=b37b3b6d-b9ab-4f63-bd40-89f2a0663a96 status=pass target=region2.v2.argotunnel.com
2026-09-01T15:07:21Z INF precheck component="UDP Connectivity" details="QUIC connection successful" run_id=b37b3b6d-b9ab-4f63-bd40-89f2a0663a96 status=pass target=region1.v2.argotunnel.com
2026-09-01T15:07:21Z INF precheck component="UDP Connectivity" details="QUIC connection failed" run_id=b37b3b6d-b9ab-4f63-bd40-89f2a0663a96 status=fail target=region2.v2.argotunnel.com
2026-09-01T15:07:21Z INF precheck component="TCP Connectivity" details="HTTP/2 connection successful" run_id=b37b3b6d-b9ab-4f63-bd40-89f2a0663a96 status=pass target=region1.v2.argotunnel.com
2026-09-01T15:07:21Z INF precheck component="TCP Connectivity" details="HTTP/2 connection is blocked or unreachable" run_id=b37b3b6d-b9ab-4f63-bd40-89f2a0663a96 status=fail target=region2.v2.argotunnel.com
2026-09-01T15:07:21Z INF precheck component="Cloudflare API" details="API is reachable" run_id=b37b3b6d-b9ab-4f63-bd40-89f2a0663a96 status=pass target=api.cloudflare.com:443
2026-09-01T15:07:21Z INF precheck complete hard_fail=true run_id=b37b3b6d-b9ab-4f63-bd40-89f2a0663a96
